Analysis & Synthesis report for IF
Fri Dec 19 11:03:39 2025
Quartus Prime Version 23.1std.1 Build 993 05/14/2024 SC Lite Edition


---------------------
; Table of Contents ;
---------------------
  1. Legal Notice
  2. Analysis & Synthesis Summary
  3. Analysis & Synthesis Settings
  4. Parallel Compilation
  5. Analysis & Synthesis Source Files Read
  6. Analysis & Synthesis Resource Usage Summary
  7. Analysis & Synthesis Resource Utilization by Entity
  8. Registers Removed During Synthesis
  9. General Register Statistics
 10. Multiplexer Restructuring Statistics (Restructuring Performed)
 11. Parameter Settings for User Entity Instance: datapath:dp|ALU:alu
 12. Parameter Settings for User Entity Instance: Controller:ctrl|code_checker:cc
 13. Port Connectivity Checks: "datapath:dp|Instruction_Decode:ID|MUX_4:mux_ra1"
 14. Port Connectivity Checks: "datapath:dp|Instruction_Decode:ID"
 15. Port Connectivity Checks: "datapath:dp|Instruction_Fetch:IF"
 16. Post-Synthesis Netlist Statistics for Top Partition
 17. Elapsed Time Per Partition
 18. Analysis & Synthesis Messages
 19. Analysis & Synthesis Suppressed Messages



----------------
; Legal Notice ;
----------------
Copyright (C) 2024  Intel Corporation. All rights reserved.
Your use of Intel Corporation's design tools, logic functions 
and other software and tools, and any partner logic 
functions, and any output files from any of the foregoing 
(including device programming or simulation files), and any 
associated documentation or information are expressly subject 
to the terms and conditions of the Intel Program License 
Subscription Agreement, the Intel Quartus Prime License Agreement,
the Intel FPGA IP License Agreement, or other applicable license
agreement, including, without limitation, that your use is for
the sole purpose of programming logic devices manufactured by
Intel and sold by Intel or its authorized distributors.  Please
refer to the applicable agreement for further details, at
https://fpgasoftware.intel.com/eula.



+-------------------------------------------------------------------------------------+
; Analysis & Synthesis Summary                                                        ;
+------------------------------------+------------------------------------------------+
; Analysis & Synthesis Status        ; Successful - Fri Dec 19 11:03:39 2025          ;
; Quartus Prime Version              ; 23.1std.1 Build 993 05/14/2024 SC Lite Edition ;
; Revision Name                      ; IF                                             ;
; Top-level Entity Name              ; top                                            ;
; Family                             ; Cyclone IV E                                   ;
; Total logic elements               ; 4,970                                          ;
;     Total combinational functions  ; 2,474                                          ;
;     Dedicated logic registers      ; 2,591                                          ;
; Total registers                    ; 2591                                           ;
; Total pins                         ; 99                                             ;
; Total virtual pins                 ; 0                                              ;
; Total memory bits                  ; 0                                              ;
; Embedded Multiplier 9-bit elements ; 0                                              ;
; Total PLLs                         ; 0                                              ;
+------------------------------------+------------------------------------------------+


+------------------------------------------------------------------------------------------------------------+
; Analysis & Synthesis Settings                                                                              ;
+------------------------------------------------------------------+--------------------+--------------------+
; Option                                                           ; Setting            ; Default Value      ;
+------------------------------------------------------------------+--------------------+--------------------+
; Top-level entity name                                            ; top                ; IF                 ;
; Family name                                                      ; Cyclone IV E       ; Cyclone V          ;
; Use smart compilation                                            ; Off                ; Off                ;
; Enable parallel Assembler and Timing Analyzer during compilation ; On                 ; On                 ;
; Enable compact report table                                      ; Off                ; Off                ;
; Restructure Multiplexers                                         ; Auto               ; Auto               ;
; Create Debugging Nodes for IP Cores                              ; Off                ; Off                ;
; Preserve fewer node names                                        ; On                 ; On                 ;
; Intel FPGA IP Evaluation Mode                                    ; Enable             ; Enable             ;
; Verilog Version                                                  ; Verilog_2001       ; Verilog_2001       ;
; VHDL Version                                                     ; VHDL_1993          ; VHDL_1993          ;
; State Machine Processing                                         ; Auto               ; Auto               ;
; Safe State Machine                                               ; Off                ; Off                ;
; Extract Verilog State Machines                                   ; On                 ; On                 ;
; Extract VHDL State Machines                                      ; On                 ; On                 ;
; Ignore Verilog initial constructs                                ; Off                ; Off                ;
; Iteration limit for constant Verilog loops                       ; 5000               ; 5000               ;
; Iteration limit for non-constant Verilog loops                   ; 250                ; 250                ;
; Add Pass-Through Logic to Inferred RAMs                          ; On                 ; On                 ;
; Infer RAMs from Raw Logic                                        ; On                 ; On                 ;
; Parallel Synthesis                                               ; On                 ; On                 ;
; DSP Block Balancing                                              ; Auto               ; Auto               ;
; NOT Gate Push-Back                                               ; On                 ; On                 ;
; Power-Up Don't Care                                              ; On                 ; On                 ;
; Remove Redundant Logic Cells                                     ; Off                ; Off                ;
; Remove Duplicate Registers                                       ; On                 ; On                 ;
; Ignore CARRY Buffers                                             ; Off                ; Off                ;
; Ignore CASCADE Buffers                                           ; Off                ; Off                ;
; Ignore GLOBAL Buffers                                            ; Off                ; Off                ;
; Ignore ROW GLOBAL Buffers                                        ; Off                ; Off                ;
; Ignore LCELL Buffers                                             ; Off                ; Off                ;
; Ignore SOFT Buffers                                              ; On                 ; On                 ;
; Limit AHDL Integers to 32 Bits                                   ; Off                ; Off                ;
; Optimization Technique                                           ; Balanced           ; Balanced           ;
; Carry Chain Length                                               ; 70                 ; 70                 ;
; Auto Carry Chains                                                ; On                 ; On                 ;
; Auto Open-Drain Pins                                             ; On                 ; On                 ;
; Perform WYSIWYG Primitive Resynthesis                            ; Off                ; Off                ;
; Auto ROM Replacement                                             ; On                 ; On                 ;
; Auto RAM Replacement                                             ; On                 ; On                 ;
; Auto DSP Block Replacement                                       ; On                 ; On                 ;
; Auto Shift Register Replacement                                  ; Auto               ; Auto               ;
; Allow Shift Register Merging across Hierarchies                  ; Auto               ; Auto               ;
; Auto Clock Enable Replacement                                    ; On                 ; On                 ;
; Strict RAM Replacement                                           ; Off                ; Off                ;
; Allow Synchronous Control Signals                                ; On                 ; On                 ;
; Force Use of Synchronous Clear Signals                           ; Off                ; Off                ;
; Auto RAM Block Balancing                                         ; On                 ; On                 ;
; Auto RAM to Logic Cell Conversion                                ; Off                ; Off                ;
; Auto Resource Sharing                                            ; Off                ; Off                ;
; Allow Any RAM Size For Recognition                               ; Off                ; Off                ;
; Allow Any ROM Size For Recognition                               ; Off                ; Off                ;
; Allow Any Shift Register Size For Recognition                    ; Off                ; Off                ;
; Use LogicLock Constraints during Resource Balancing              ; On                 ; On                 ;
; Ignore translate_off and synthesis_off directives                ; Off                ; Off                ;
; Timing-Driven Synthesis                                          ; On                 ; On                 ;
; Report Parameter Settings                                        ; On                 ; On                 ;
; Report Source Assignments                                        ; On                 ; On                 ;
; Report Connectivity Checks                                       ; On                 ; On                 ;
; Ignore Maximum Fan-Out Assignments                               ; Off                ; Off                ;
; Synchronization Register Chain Length                            ; 2                  ; 2                  ;
; Power Optimization During Synthesis                              ; Normal compilation ; Normal compilation ;
; HDL message level                                                ; Level2             ; Level2             ;
; Suppress Register Optimization Related Messages                  ; Off                ; Off                ;
; Number of Removed Registers Reported in Synthesis Report         ; 5000               ; 5000               ;
; Number of Swept Nodes Reported in Synthesis Report               ; 5000               ; 5000               ;
; Number of Inverted Registers Reported in Synthesis Report        ; 100                ; 100                ;
; Clock MUX Protection                                             ; On                 ; On                 ;
; Auto Gated Clock Conversion                                      ; Off                ; Off                ;
; Block Design Naming                                              ; Auto               ; Auto               ;
; SDC constraint protection                                        ; Off                ; Off                ;
; Synthesis Effort                                                 ; Auto               ; Auto               ;
; Shift Register Replacement - Allow Asynchronous Clear Signal     ; On                 ; On                 ;
; Pre-Mapping Resynthesis Optimization                             ; Off                ; Off                ;
; Analysis & Synthesis Message Level                               ; Medium             ; Medium             ;
; Disable Register Merging Across Hierarchies                      ; Auto               ; Auto               ;
; Resource Aware Inference For Block RAM                           ; On                 ; On                 ;
+------------------------------------------------------------------+--------------------+--------------------+


+------------------------------------------+
; Parallel Compilation                     ;
+----------------------------+-------------+
; Processors                 ; Number      ;
+----------------------------+-------------+
; Number detected on machine ; 8           ;
; Maximum allowed            ; 4           ;
;                            ;             ;
; Average used               ; 1.00        ;
; Maximum used               ; 4           ;
;                            ;             ;
; Usage by Processor         ; % Time Used ;
;     Processor 1            ; 100.0%      ;
;     Processor 2            ;   0.2%      ;
;     Processor 3            ;   0.1%      ;
;     Processor 4            ;   0.1%      ;
+----------------------------+-------------+


+-----------------------------------------------------------------------------------------------------------------------------------------------------------------------------------------------+
; Analysis & Synthesis Source Files Read                                                                                                                                                        ;
+----------------------------------+-----------------+------------------------------+-------------------------------------------------------------------------------------------------+---------+
; File Name with User-Entered Path ; Used in Netlist ; File Type                    ; File Name with Absolute Path                                                                    ; Library ;
+----------------------------------+-----------------+------------------------------+-------------------------------------------------------------------------------------------------+---------+
; top.sv                           ; yes             ; User SystemVerilog HDL File  ; C:/Users/rwbrockhoff/Downloads/443/Final/ARM_Single_Cycle-1_restored/top.sv                     ;         ;
; SignExtend.sv                    ; yes             ; User SystemVerilog HDL File  ; C:/Users/rwbrockhoff/Downloads/443/Final/ARM_Single_Cycle-1_restored/SignExtend.sv              ;         ;
; RegFile.sv                       ; yes             ; User SystemVerilog HDL File  ; C:/Users/rwbrockhoff/Downloads/443/Final/ARM_Single_Cycle-1_restored/RegFile.sv                 ;         ;
; Program_Counter.sv               ; yes             ; User SystemVerilog HDL File  ; C:/Users/rwbrockhoff/Downloads/443/Final/ARM_Single_Cycle-1_restored/Program_Counter.sv         ;         ;
; MUX_4.sv                         ; yes             ; User SystemVerilog HDL File  ; C:/Users/rwbrockhoff/Downloads/443/Final/ARM_Single_Cycle-1_restored/MUX_4.sv                   ;         ;
; MUX_32.sv                        ; yes             ; User SystemVerilog HDL File  ; C:/Users/rwbrockhoff/Downloads/443/Final/ARM_Single_Cycle-1_restored/MUX_32.sv                  ;         ;
; Instruction_Decode.sv            ; yes             ; User SystemVerilog HDL File  ; C:/Users/rwbrockhoff/Downloads/443/Final/ARM_Single_Cycle-1_restored/Instruction_Decode.sv      ;         ;
; imem.sv                          ; yes             ; User SystemVerilog HDL File  ; C:/Users/rwbrockhoff/Downloads/443/Final/ARM_Single_Cycle-1_restored/imem.sv                    ;         ;
; datapath.sv                      ; yes             ; User SystemVerilog HDL File  ; C:/Users/rwbrockhoff/Downloads/443/Final/ARM_Single_Cycle-1_restored/datapath.sv                ;         ;
; DataMemory.sv                    ; yes             ; User SystemVerilog HDL File  ; C:/Users/rwbrockhoff/Downloads/443/Final/ARM_Single_Cycle-1_restored/DataMemory.sv              ;         ;
; Controller.sv                    ; yes             ; User SystemVerilog HDL File  ; C:/Users/rwbrockhoff/Downloads/443/Final/ARM_Single_Cycle-1_restored/Controller.sv              ;         ;
; Condition_Code_Register.sv       ; yes             ; User SystemVerilog HDL File  ; C:/Users/rwbrockhoff/Downloads/443/Final/ARM_Single_Cycle-1_restored/Condition_Code_Register.sv ;         ;
; code_checker.sv                  ; yes             ; User SystemVerilog HDL File  ; C:/Users/rwbrockhoff/Downloads/443/Final/ARM_Single_Cycle-1_restored/code_checker.sv            ;         ;
; ALU.sv                           ; yes             ; User SystemVerilog HDL File  ; C:/Users/rwbrockhoff/Downloads/443/Final/ARM_Single_Cycle-1_restored/ALU.sv                     ;         ;
; Adder.sv                         ; yes             ; User SystemVerilog HDL File  ; C:/Users/rwbrockhoff/Downloads/443/Final/ARM_Single_Cycle-1_restored/Adder.sv                   ;         ;
; Instruction_Fetch.sv             ; yes             ; User SystemVerilog HDL File  ; C:/Users/rwbrockhoff/Downloads/443/Final/ARM_Single_Cycle-1_restored/Instruction_Fetch.sv       ;         ;
; mem.dat                          ; yes             ; Auto-Found Unspecified File  ; C:/Users/rwbrockhoff/Downloads/443/Final/ARM_Single_Cycle-1_restored/mem.dat                    ;         ;
+----------------------------------+-----------------+------------------------------+-------------------------------------------------------------------------------------------------+---------+


+---------------------------------------------------------+
; Analysis & Synthesis Resource Usage Summary             ;
+---------------------------------------------+-----------+
; Resource                                    ; Usage     ;
+---------------------------------------------+-----------+
; Estimated Total logic elements              ; 4,970     ;
;                                             ;           ;
; Total combinational functions               ; 2474      ;
; Logic element usage by number of LUT inputs ;           ;
;     -- 4 input functions                    ; 2220      ;
;     -- 3 input functions                    ; 176       ;
;     -- <=2 input functions                  ; 78        ;
;                                             ;           ;
; Logic elements by mode                      ;           ;
;     -- normal mode                          ; 2355      ;
;     -- arithmetic mode                      ; 119       ;
;                                             ;           ;
; Total registers                             ; 2591      ;
;     -- Dedicated logic registers            ; 2591      ;
;     -- I/O registers                        ; 0         ;
;                                             ;           ;
; I/O pins                                    ; 99        ;
;                                             ;           ;
; Embedded Multiplier 9-bit elements          ; 0         ;
;                                             ;           ;
; Maximum fan-out node                        ; clk~input ;
; Maximum fan-out                             ; 2591      ;
; Total fan-out                               ; 17531     ;
; Average fan-out                             ; 3.33      ;
+---------------------------------------------+-----------+


+------------------------------------------------------------------------------------------------------------------------------------------------------------------------------------------------------------------------------------------------------------------------+
; Analysis & Synthesis Resource Utilization by Entity                                                                                                                                                                                                                    ;
+-------------------------------------+---------------------+---------------------------+-------------+--------------+---------+-----------+------+--------------+--------------------------------------------------------------+-------------------------+--------------+
; Compilation Hierarchy Node          ; Combinational ALUTs ; Dedicated Logic Registers ; Memory Bits ; DSP Elements ; DSP 9x9 ; DSP 18x18 ; Pins ; Virtual Pins ; Full Hierarchy Name                                          ; Entity Name             ; Library Name ;
+-------------------------------------+---------------------+---------------------------+-------------+--------------+---------+-----------+------+--------------+--------------------------------------------------------------+-------------------------+--------------+
; |top                                ; 2474 (0)            ; 2591 (0)                  ; 0           ; 0            ; 0       ; 0         ; 99   ; 0            ; |top                                                         ; top                     ; work         ;
;    |Controller:ctrl|                ; 6 (6)               ; 0 (0)                     ; 0           ; 0            ; 0       ; 0         ; 0    ; 0            ; |top|Controller:ctrl                                         ; Controller              ; work         ;
;    |datapath:dp|                    ; 2468 (0)            ; 2591 (0)                  ; 0           ; 0            ; 0       ; 0         ; 0    ; 0            ; |top|datapath:dp                                             ; datapath                ; work         ;
;       |ALU:alu|                     ; 140 (140)           ; 0 (0)                     ; 0           ; 0            ; 0       ; 0         ; 0    ; 0            ; |top|datapath:dp|ALU:alu                                     ; ALU                     ; work         ;
;       |Condition_Code_Register:ccr| ; 0 (0)               ; 1 (1)                     ; 0           ; 0            ; 0       ; 0         ; 0    ; 0            ; |top|datapath:dp|Condition_Code_Register:ccr                 ; Condition_Code_Register ; work         ;
;       |DataMemory:dmem|             ; 1424 (1424)         ; 2048 (2048)               ; 0           ; 0            ; 0       ; 0         ; 0    ; 0            ; |top|datapath:dp|DataMemory:dmem                             ; DataMemory              ; work         ;
;       |Instruction_Decode:ID|       ; 813 (0)             ; 512 (0)                   ; 0           ; 0            ; 0       ; 0         ; 0    ; 0            ; |top|datapath:dp|Instruction_Decode:ID                       ; Instruction_Decode      ; work         ;
;          |Adder:pc_plus8|           ; 29 (29)             ; 0 (0)                     ; 0           ; 0            ; 0       ; 0         ; 0    ; 0            ; |top|datapath:dp|Instruction_Decode:ID|Adder:pc_plus8        ; Adder                   ; work         ;
;          |MUX_32:mux_srcb|          ; 38 (38)             ; 0 (0)                     ; 0           ; 0            ; 0       ; 0         ; 0    ; 0            ; |top|datapath:dp|Instruction_Decode:ID|MUX_32:mux_srcb       ; MUX_32                  ; work         ;
;          |MUX_4:mux_ra2|            ; 6 (6)               ; 0 (0)                     ; 0           ; 0            ; 0       ; 0         ; 0    ; 0            ; |top|datapath:dp|Instruction_Decode:ID|MUX_4:mux_ra2         ; MUX_4                   ; work         ;
;          |RegFile:rf|               ; 740 (740)           ; 512 (512)                 ; 0           ; 0            ; 0       ; 0         ; 0    ; 0            ; |top|datapath:dp|Instruction_Decode:ID|RegFile:rf            ; RegFile                 ; work         ;
;       |Instruction_Fetch:IF|        ; 59 (0)              ; 30 (0)                    ; 0           ; 0            ; 0       ; 0         ; 0    ; 0            ; |top|datapath:dp|Instruction_Fetch:IF                        ; Instruction_Fetch       ; work         ;
;          |Adder:pc_adder|           ; 30 (30)             ; 0 (0)                     ; 0           ; 0            ; 0       ; 0         ; 0    ; 0            ; |top|datapath:dp|Instruction_Fetch:IF|Adder:pc_adder         ; Adder                   ; work         ;
;          |Program_Counter:pc_reg|   ; 0 (0)               ; 30 (30)                   ; 0           ; 0            ; 0       ; 0         ; 0    ; 0            ; |top|datapath:dp|Instruction_Fetch:IF|Program_Counter:pc_reg ; Program_Counter         ; work         ;
;          |imem:pc_imem|             ; 29 (29)             ; 0 (0)                     ; 0           ; 0            ; 0       ; 0         ; 0    ; 0            ; |top|datapath:dp|Instruction_Fetch:IF|imem:pc_imem           ; imem                    ; work         ;
;       |MUX_32:MemToRegMux|          ; 32 (32)             ; 0 (0)                     ; 0           ; 0            ; 0       ; 0         ; 0    ; 0            ; |top|datapath:dp|MUX_32:MemToRegMux                          ; MUX_32                  ; work         ;
+-------------------------------------+---------------------+---------------------------+-------------+--------------+---------+-----------+------+--------------+--------------------------------------------------------------+-------------------------+--------------+
Note: For table entries with two numbers listed, the numbers in parentheses indicate the number of resources of the given type used by the specific entity alone. The numbers listed outside of parentheses indicate the total resources of the given type used by the specific entity and all of its sub-entities in the hierarchy.


+---------------------------------------------------------------------------------------------------------------+
; Registers Removed During Synthesis                                                                            ;
+-----------------------------------------------------------------+---------------------------------------------+
; Register name                                                   ; Reason for Removal                          ;
+-----------------------------------------------------------------+---------------------------------------------+
; datapath:dp|Instruction_Fetch:IF|Program_Counter:pc_reg|pc[0,1] ; Stuck at GND due to stuck port clock_enable ;
; datapath:dp|Condition_Code_Register:ccr|ALUFlags[0,1,3]         ; Lost fanout                                 ;
; Total Number of Removed Registers = 5                           ;                                             ;
+-----------------------------------------------------------------+---------------------------------------------+


+------------------------------------------------------+
; General Register Statistics                          ;
+----------------------------------------------+-------+
; Statistic                                    ; Value ;
+----------------------------------------------+-------+
; Total registers                              ; 2591  ;
; Number of registers using Synchronous Clear  ; 0     ;
; Number of registers using Synchronous Load   ; 0     ;
; Number of registers using Asynchronous Clear ; 31    ;
; Number of registers using Asynchronous Load  ; 0     ;
; Number of registers using Clock Enable       ; 2560  ;
; Number of registers using Preset             ; 0     ;
+----------------------------------------------+-------+


+----------------------------------------------------------------------------------------------------------------------------------------------+
; Multiplexer Restructuring Statistics (Restructuring Performed)                                                                               ;
+--------------------+-----------+---------------+----------------------+------------------------+------------+--------------------------------+
; Multiplexer Inputs ; Bus Width ; Baseline Area ; Area if Restructured ; Saving if Restructured ; Registered ; Example Multiplexer Output     ;
+--------------------+-----------+---------------+----------------------+------------------------+------------+--------------------------------+
; 4:1                ; 32 bits   ; 64 LEs        ; 64 LEs               ; 0 LEs                  ; No         ; |top|datapath:dp|ALU:alu|Mux28 ;
+--------------------+-----------+---------------+----------------------+------------------------+------------+--------------------------------+


+------------------------------------------------------------------+
; Parameter Settings for User Entity Instance: datapath:dp|ALU:alu ;
+----------------+-------+-----------------------------------------+
; Parameter Name ; Value ; Type                                    ;
+----------------+-------+-----------------------------------------+
; AND            ; 0000  ; Unsigned Binary                         ;
; OR             ; 0001  ; Unsigned Binary                         ;
; XOR            ; 0010  ; Unsigned Binary                         ;
; ADD            ; 0011  ; Unsigned Binary                         ;
; LSL            ; 0100  ; Unsigned Binary                         ;
; LSR            ; 0101  ; Unsigned Binary                         ;
; ASR            ; 0110  ; Unsigned Binary                         ;
; SUB            ; 1011  ; Unsigned Binary                         ;
+----------------+-------+-----------------------------------------+
Note: In order to hide this table in the UI and the text report file, please set the "Show Parameter Settings in Synthesis Report" option in "Analysis and Synthesis Settings -> More Settings" to "Off".


+------------------------------------------------------------------------------+
; Parameter Settings for User Entity Instance: Controller:ctrl|code_checker:cc ;
+----------------+-------+-----------------------------------------------------+
; Parameter Name ; Value ; Type                                                ;
+----------------+-------+-----------------------------------------------------+
; EQ             ; 0000  ; Unsigned Binary                                     ;
; NE             ; 0001  ; Unsigned Binary                                     ;
; CS             ; 0010  ; Unsigned Binary                                     ;
; CC             ; 0011  ; Unsigned Binary                                     ;
; MI             ; 0100  ; Unsigned Binary                                     ;
; PL             ; 0101  ; Unsigned Binary                                     ;
; VS             ; 0110  ; Unsigned Binary                                     ;
; VC             ; 0111  ; Unsigned Binary                                     ;
; HI             ; 1000  ; Unsigned Binary                                     ;
; LS             ; 1001  ; Unsigned Binary                                     ;
; GE             ; 1010  ; Unsigned Binary                                     ;
; LT             ; 1011  ; Unsigned Binary                                     ;
; GT             ; 1100  ; Unsigned Binary                                     ;
; LE             ; 1101  ; Unsigned Binary                                     ;
; AL             ; 1110  ; Unsigned Binary                                     ;
+----------------+-------+-----------------------------------------------------+
Note: In order to hide this table in the UI and the text report file, please set the "Show Parameter Settings in Synthesis Report" option in "Analysis and Synthesis Settings -> More Settings" to "Off".


+-----------------------------------------------------------------------------+
; Port Connectivity Checks: "datapath:dp|Instruction_Decode:ID|MUX_4:mux_ra1" ;
+------+-------+----------+---------------------------------------------------+
; Port ; Type  ; Severity ; Details                                           ;
+------+-------+----------+---------------------------------------------------+
; one  ; Input ; Info     ; Stuck at VCC                                      ;
+------+-------+----------+---------------------------------------------------+


+-------------------------------------------------------------------------------------------------------------------+
; Port Connectivity Checks: "datapath:dp|Instruction_Decode:ID"                                                     ;
+---------+--------+----------+-------------------------------------------------------------------------------------+
; Port    ; Type   ; Severity ; Details                                                                             ;
+---------+--------+----------+-------------------------------------------------------------------------------------+
; ExtImm  ; Output ; Info     ; Connected to dangling logic. Logic that only feeds a dangling port will be removed. ;
; PCPlus8 ; Output ; Info     ; Connected to dangling logic. Logic that only feeds a dangling port will be removed. ;
+---------+--------+----------+-------------------------------------------------------------------------------------+


+----------------------------------------------------------------------------------------------------------------+
; Port Connectivity Checks: "datapath:dp|Instruction_Fetch:IF"                                                   ;
+------+--------+----------+-------------------------------------------------------------------------------------+
; Port ; Type   ; Severity ; Details                                                                             ;
+------+--------+----------+-------------------------------------------------------------------------------------+
; PC   ; Output ; Info     ; Connected to dangling logic. Logic that only feeds a dangling port will be removed. ;
+------+--------+----------+-------------------------------------------------------------------------------------+


+-----------------------------------------------------+
; Post-Synthesis Netlist Statistics for Top Partition ;
+-----------------------+-----------------------------+
; Type                  ; Count                       ;
+-----------------------+-----------------------------+
; boundary_port         ; 99                          ;
; cycloneiii_ff         ; 2591                        ;
;     CLR               ; 31                          ;
;     ENA               ; 2560                        ;
; cycloneiii_lcell_comb ; 2474                        ;
;     arith             ; 119                         ;
;         2 data inputs ; 56                          ;
;         3 data inputs ; 63                          ;
;     normal            ; 2355                        ;
;         1 data inputs ; 2                           ;
;         2 data inputs ; 20                          ;
;         3 data inputs ; 113                         ;
;         4 data inputs ; 2220                        ;
;                       ;                             ;
; Max LUT depth         ; 19.30                       ;
; Average LUT depth     ; 11.59                       ;
+-----------------------+-----------------------------+


+-------------------------------+
; Elapsed Time Per Partition    ;
+----------------+--------------+
; Partition Name ; Elapsed Time ;
+----------------+--------------+
; Top            ; 00:00:06     ;
+----------------+--------------+


+-------------------------------+
; Analysis & Synthesis Messages ;
+-------------------------------+
Info: *******************************************************************
Info: Running Quartus Prime Analysis & Synthesis
    Info: Version 23.1std.1 Build 993 05/14/2024 SC Lite Edition
    Info: Processing started: Fri Dec 19 11:03:24 2025
Info: Command: quartus_map --read_settings_files=on --write_settings_files=off ARM_Single_Cycle -c IF
Warning (18236): Number of processors has not been specified which may cause overloading on shared machines.  Set the global assignment NUM_PARALLEL_PROCESSORS in your QSF to an appropriate value for best performance.
Info (20030): Parallel compilation is enabled and will use 4 of the 4 processors detected
Info (12021): Found 1 design units, including 1 entities, in source file top.sv
    Info (12023): Found entity 1: top File: C:/Users/rwbrockhoff/Downloads/443/Final/ARM_Single_Cycle-1_restored/top.sv Line: 1
Info (12021): Found 1 design units, including 1 entities, in source file testbench.sv
    Info (12023): Found entity 1: testbench File: C:/Users/rwbrockhoff/Downloads/443/Final/ARM_Single_Cycle-1_restored/testbench.sv Line: 1
Info (12021): Found 1 design units, including 1 entities, in source file signextend.sv
    Info (12023): Found entity 1: SignExtend File: C:/Users/rwbrockhoff/Downloads/443/Final/ARM_Single_Cycle-1_restored/SignExtend.sv Line: 1
Info (12021): Found 1 design units, including 1 entities, in source file regfile.sv
    Info (12023): Found entity 1: RegFile File: C:/Users/rwbrockhoff/Downloads/443/Final/ARM_Single_Cycle-1_restored/RegFile.sv Line: 1
Info (12021): Found 1 design units, including 1 entities, in source file program_counter.sv
    Info (12023): Found entity 1: Program_Counter File: C:/Users/rwbrockhoff/Downloads/443/Final/ARM_Single_Cycle-1_restored/Program_Counter.sv Line: 1
Info (12021): Found 1 design units, including 1 entities, in source file mux_4.sv
    Info (12023): Found entity 1: MUX_4 File: C:/Users/rwbrockhoff/Downloads/443/Final/ARM_Single_Cycle-1_restored/MUX_4.sv Line: 1
Info (12021): Found 1 design units, including 1 entities, in source file mux_32.sv
    Info (12023): Found entity 1: MUX_32 File: C:/Users/rwbrockhoff/Downloads/443/Final/ARM_Single_Cycle-1_restored/MUX_32.sv Line: 1
Info (12021): Found 1 design units, including 1 entities, in source file instruction_decode.sv
    Info (12023): Found entity 1: Instruction_Decode File: C:/Users/rwbrockhoff/Downloads/443/Final/ARM_Single_Cycle-1_restored/Instruction_Decode.sv Line: 1
Info (12021): Found 1 design units, including 1 entities, in source file imem.sv
    Info (12023): Found entity 1: imem File: C:/Users/rwbrockhoff/Downloads/443/Final/ARM_Single_Cycle-1_restored/imem.sv Line: 1
Info (12021): Found 1 design units, including 1 entities, in source file datapath.sv
    Info (12023): Found entity 1: datapath File: C:/Users/rwbrockhoff/Downloads/443/Final/ARM_Single_Cycle-1_restored/datapath.sv Line: 2
Info (12021): Found 1 design units, including 1 entities, in source file datamemory.sv
    Info (12023): Found entity 1: DataMemory File: C:/Users/rwbrockhoff/Downloads/443/Final/ARM_Single_Cycle-1_restored/DataMemory.sv Line: 1
Info (12021): Found 1 design units, including 1 entities, in source file controller.sv
    Info (12023): Found entity 1: Controller File: C:/Users/rwbrockhoff/Downloads/443/Final/ARM_Single_Cycle-1_restored/Controller.sv Line: 1
Info (12021): Found 1 design units, including 1 entities, in source file condition_code_register.sv
    Info (12023): Found entity 1: Condition_Code_Register File: C:/Users/rwbrockhoff/Downloads/443/Final/ARM_Single_Cycle-1_restored/Condition_Code_Register.sv Line: 1
Info (12021): Found 1 design units, including 1 entities, in source file code_checker.sv
    Info (12023): Found entity 1: code_checker File: C:/Users/rwbrockhoff/Downloads/443/Final/ARM_Single_Cycle-1_restored/code_checker.sv Line: 1
Info (12021): Found 1 design units, including 1 entities, in source file alu.sv
    Info (12023): Found entity 1: ALU File: C:/Users/rwbrockhoff/Downloads/443/Final/ARM_Single_Cycle-1_restored/ALU.sv Line: 1
Info (12021): Found 1 design units, including 1 entities, in source file adder.sv
    Info (12023): Found entity 1: Adder File: C:/Users/rwbrockhoff/Downloads/443/Final/ARM_Single_Cycle-1_restored/Adder.sv Line: 1
Info (12021): Found 1 design units, including 1 entities, in source file instruction_fetch.sv
    Info (12023): Found entity 1: Instruction_Fetch File: C:/Users/rwbrockhoff/Downloads/443/Final/ARM_Single_Cycle-1_restored/Instruction_Fetch.sv Line: 1
Info (12127): Elaborating entity "top" for the top level hierarchy
Info (12128): Elaborating entity "datapath" for hierarchy "datapath:dp" File: C:/Users/rwbrockhoff/Downloads/443/Final/ARM_Single_Cycle-1_restored/top.sv Line: 36
Info (12128): Elaborating entity "Instruction_Fetch" for hierarchy "datapath:dp|Instruction_Fetch:IF" File: C:/Users/rwbrockhoff/Downloads/443/Final/ARM_Single_Cycle-1_restored/datapath.sv Line: 46
Info (12128): Elaborating entity "Program_Counter" for hierarchy "datapath:dp|Instruction_Fetch:IF|Program_Counter:pc_reg" File: C:/Users/rwbrockhoff/Downloads/443/Final/ARM_Single_Cycle-1_restored/Instruction_Fetch.sv Line: 9
Info (12128): Elaborating entity "Adder" for hierarchy "datapath:dp|Instruction_Fetch:IF|Adder:pc_adder" File: C:/Users/rwbrockhoff/Downloads/443/Final/ARM_Single_Cycle-1_restored/Instruction_Fetch.sv Line: 11
Info (12128): Elaborating entity "MUX_32" for hierarchy "datapath:dp|Instruction_Fetch:IF|MUX_32:pc_mux" File: C:/Users/rwbrockhoff/Downloads/443/Final/ARM_Single_Cycle-1_restored/Instruction_Fetch.sv Line: 13
Info (12128): Elaborating entity "imem" for hierarchy "datapath:dp|Instruction_Fetch:IF|imem:pc_imem" File: C:/Users/rwbrockhoff/Downloads/443/Final/ARM_Single_Cycle-1_restored/Instruction_Fetch.sv Line: 15
Warning (10850): Verilog HDL warning at imem.sv(9): number of words (17) in memory file does not match the number of elements in the address range [0:63] File: C:/Users/rwbrockhoff/Downloads/443/Final/ARM_Single_Cycle-1_restored/imem.sv Line: 9
Warning (10030): Net "RAMMem.data_a" at imem.sv(3) has no driver or initial value, using a default initial value '0' File: C:/Users/rwbrockhoff/Downloads/443/Final/ARM_Single_Cycle-1_restored/imem.sv Line: 3
Warning (10030): Net "RAMMem.waddr_a" at imem.sv(3) has no driver or initial value, using a default initial value '0' File: C:/Users/rwbrockhoff/Downloads/443/Final/ARM_Single_Cycle-1_restored/imem.sv Line: 3
Warning (10030): Net "RAMMem.we_a" at imem.sv(3) has no driver or initial value, using a default initial value '0' File: C:/Users/rwbrockhoff/Downloads/443/Final/ARM_Single_Cycle-1_restored/imem.sv Line: 3
Info (12128): Elaborating entity "Instruction_Decode" for hierarchy "datapath:dp|Instruction_Decode:ID" File: C:/Users/rwbrockhoff/Downloads/443/Final/ARM_Single_Cycle-1_restored/datapath.sv Line: 64
Info (12128): Elaborating entity "MUX_4" for hierarchy "datapath:dp|Instruction_Decode:ID|MUX_4:mux_ra1" File: C:/Users/rwbrockhoff/Downloads/443/Final/ARM_Single_Cycle-1_restored/Instruction_Decode.sv Line: 10
Info (12128): Elaborating entity "SignExtend" for hierarchy "datapath:dp|Instruction_Decode:ID|SignExtend:ext" File: C:/Users/rwbrockhoff/Downloads/443/Final/ARM_Single_Cycle-1_restored/Instruction_Decode.sv Line: 14
Info (12128): Elaborating entity "RegFile" for hierarchy "datapath:dp|Instruction_Decode:ID|RegFile:rf" File: C:/Users/rwbrockhoff/Downloads/443/Final/ARM_Single_Cycle-1_restored/Instruction_Decode.sv Line: 21
Info (12128): Elaborating entity "ALU" for hierarchy "datapath:dp|ALU:alu" File: C:/Users/rwbrockhoff/Downloads/443/Final/ARM_Single_Cycle-1_restored/datapath.sv Line: 75
Info (12128): Elaborating entity "Condition_Code_Register" for hierarchy "datapath:dp|Condition_Code_Register:ccr" File: C:/Users/rwbrockhoff/Downloads/443/Final/ARM_Single_Cycle-1_restored/datapath.sv Line: 83
Info (12128): Elaborating entity "DataMemory" for hierarchy "datapath:dp|DataMemory:dmem" File: C:/Users/rwbrockhoff/Downloads/443/Final/ARM_Single_Cycle-1_restored/datapath.sv Line: 93
Info (12128): Elaborating entity "Controller" for hierarchy "Controller:ctrl" File: C:/Users/rwbrockhoff/Downloads/443/Final/ARM_Single_Cycle-1_restored/top.sv Line: 51
Warning (10036): Verilog HDL or VHDL warning at Controller.sv(15): object "Sbit" assigned a value but never read File: C:/Users/rwbrockhoff/Downloads/443/Final/ARM_Single_Cycle-1_restored/Controller.sv Line: 15
Info (12128): Elaborating entity "code_checker" for hierarchy "Controller:ctrl|code_checker:cc" File: C:/Users/rwbrockhoff/Downloads/443/Final/ARM_Single_Cycle-1_restored/Controller.sv Line: 37
Info (276014): Found 2 instances of uninferred RAM logic
    Info (276007): RAM logic "datapath:dp|Instruction_Decode:ID|RegFile:rf|regfile" is uninferred due to asynchronous read logic File: C:/Users/rwbrockhoff/Downloads/443/Final/ARM_Single_Cycle-1_restored/RegFile.sv Line: 8
    Info (276007): RAM logic "datapath:dp|DataMemory:dmem|DataMem" is uninferred due to asynchronous read logic File: C:/Users/rwbrockhoff/Downloads/443/Final/ARM_Single_Cycle-1_restored/DataMemory.sv Line: 7
Warning (127007): Memory Initialization File or Hexadecimal (Intel-Format) File "C:/Users/rwbrockhoff/Downloads/443/Final/ARM_Single_Cycle-1_restored/db/IF.ram0_imem_37c714.hdl.mif" contains "don't care" values -- overwriting them with 0s
Info (286030): Timing-Driven Synthesis is running
Info (17049): 3 registers lost all their fanouts during netlist optimizations.
Info (144001): Generated suppressed messages file C:/Users/rwbrockhoff/Downloads/443/Final/ARM_Single_Cycle-1_restored/IF.map.smsg
Info (16010): Generating hard_block partition "hard_block:auto_generated_inst"
    Info (16011): Adding 0 node(s), including 0 DDIO, 0 PLL, 0 transceiver and 0 LCELL
Info (21057): Implemented 5163 device resources after synthesis - the final resource count might be different
    Info (21058): Implemented 2 input pins
    Info (21059): Implemented 97 output pins
    Info (21061): Implemented 5064 logic cells
Info: Quartus Prime Analysis & Synthesis was successful. 0 errors, 7 warnings
    Info: Peak virtual memory: 4810 megabytes
    Info: Processing ended: Fri Dec 19 11:03:39 2025
    Info: Elapsed time: 00:00:15
    Info: Total CPU time (on all processors): 00:00:27


+------------------------------------------+
; Analysis & Synthesis Suppressed Messages ;
+------------------------------------------+
The suppressed messages can be found in C:/Users/rwbrockhoff/Downloads/443/Final/ARM_Single_Cycle-1_restored/IF.map.smsg.


